Archive member included because of file (symbol)

/usr/lib/gcc/avr/4.9.0/avr5/libgcc.a(_muluhisi3.o)
                              ./Buzzer.o (__muluhisi3)
/usr/lib/gcc/avr/4.9.0/avr5/libgcc.a(_udivmodsi4.o)
                              ./Buzzer.o (__udivmodsi4)
/usr/lib/gcc/avr/4.9.0/avr5/libgcc.a(_divmodsi4.o)
                              ./LCD/LCD.o (__divmodsi4)
/usr/lib/gcc/avr/4.9.0/avr5/libgcc.a(_negsi2.o)
                              /usr/lib/gcc/avr/4.9.0/avr5/libgcc.a(_divmodsi4.o) (__negsi2)
/usr/lib/gcc/avr/4.9.0/avr5/libgcc.a(_exit.o)
                              /usr/lib/gcc/avr/4.9.0/../../../../avr/lib/avr5/crtm16a.o (exit)
/usr/lib/gcc/avr/4.9.0/avr5/libgcc.a(_copy_data.o)
                              ./main.o (__do_copy_data)
/usr/lib/gcc/avr/4.9.0/avr5/libgcc.a(_clear_bss.o)
                              ./LCD/hd44780/lcd.o (__do_clear_bss)
/usr/lib/gcc/avr/4.9.0/avr5/libgcc.a(_umulhisi3.o)
                              /usr/lib/gcc/avr/4.9.0/avr5/libgcc.a(_muluhisi3.o) (__umulhisi3)
/usr/lib/gcc/avr/4.9.0/../../../../avr/lib/avr5/libm.a(cmpsf2.o)
                              ./LCD/hd44780/hd44780.o (__ltsf2)
/usr/lib/gcc/avr/4.9.0/../../../../avr/lib/avr5/libm.a(divsf3.o)
                              ./LCD/hd44780/hd44780.o (__divsf3)
/usr/lib/gcc/avr/4.9.0/../../../../avr/lib/avr5/libm.a(divsf3x.o)
                              /usr/lib/gcc/avr/4.9.0/../../../../avr/lib/avr5/libm.a(divsf3.o) (__divsf3x)
/usr/lib/gcc/avr/4.9.0/../../../../avr/lib/avr5/libm.a(fixunssfsi.o)
                              ./LCD/hd44780/hd44780.o (__fixunssfsi)
/usr/lib/gcc/avr/4.9.0/../../../../avr/lib/avr5/libm.a(fp_cmp.o)
                              /usr/lib/gcc/avr/4.9.0/../../../../avr/lib/avr5/libm.a(cmpsf2.o) (__fp_cmp)
/usr/lib/gcc/avr/4.9.0/../../../../avr/lib/avr5/libm.a(fp_inf.o)
                              /usr/lib/gcc/avr/4.9.0/../../../../avr/lib/avr5/libm.a(divsf3x.o) (__fp_inf)
/usr/lib/gcc/avr/4.9.0/../../../../avr/lib/avr5/libm.a(fp_nan.o)
                              /usr/lib/gcc/avr/4.9.0/../../../../avr/lib/avr5/libm.a(divsf3x.o) (__fp_nan)
/usr/lib/gcc/avr/4.9.0/../../../../avr/lib/avr5/libm.a(fp_pscA.o)
                              /usr/lib/gcc/avr/4.9.0/../../../../avr/lib/avr5/libm.a(divsf3x.o) (__fp_pscA)
/usr/lib/gcc/avr/4.9.0/../../../../avr/lib/avr5/libm.a(fp_pscB.o)
                              /usr/lib/gcc/avr/4.9.0/../../../../avr/lib/avr5/libm.a(divsf3x.o) (__fp_pscB)
/usr/lib/gcc/avr/4.9.0/../../../../avr/lib/avr5/libm.a(fp_round.o)
                              /usr/lib/gcc/avr/4.9.0/../../../../avr/lib/avr5/libm.a(divsf3.o) (__fp_round)
/usr/lib/gcc/avr/4.9.0/../../../../avr/lib/avr5/libm.a(fp_split3.o)
                              /usr/lib/gcc/avr/4.9.0/../../../../avr/lib/avr5/libm.a(divsf3x.o) (__fp_split3)
/usr/lib/gcc/avr/4.9.0/../../../../avr/lib/avr5/libm.a(fp_zero.o)
                              /usr/lib/gcc/avr/4.9.0/../../../../avr/lib/avr5/libm.a(fixunssfsi.o) (__fp_zero)
/usr/lib/gcc/avr/4.9.0/../../../../avr/lib/avr5/libm.a(gesf2.o)
                              ./LCD/hd44780/hd44780.o (__gtsf2)
/usr/lib/gcc/avr/4.9.0/../../../../avr/lib/avr5/libm.a(mulsf3.o)
                              ./LCD/hd44780/hd44780.o (__mulsf3)
/usr/lib/gcc/avr/4.9.0/../../../../avr/lib/avr5/libm.a(mulsf3x.o)
                              /usr/lib/gcc/avr/4.9.0/../../../../avr/lib/avr5/libm.a(mulsf3.o) (__mulsf3x)

Discarded input sections

 .bss           0x0000000000000000        0x0 /usr/lib/gcc/avr/4.9.0/../../../../avr/lib/avr5/crtm16a.o
 .text          0x0000000000000000        0x0 ./LCD/hd44780/hd44780.o
 .bss           0x0000000000000000        0x0 ./LCD/hd44780/hd44780.o
 .text.hd44780_outnibble
                0x0000000000000000       0xb8 ./LCD/hd44780/hd44780.o
 .text.hd44780_outbyte
                0x0000000000000000       0x2e ./LCD/hd44780/hd44780.o
 .text.hd44780_innibble
                0x0000000000000000       0xdc ./LCD/hd44780/hd44780.o
 .text.hd44780_inbyte
                0x0000000000000000       0x30 ./LCD/hd44780/hd44780.o
 .text.hd44780_wait_ready
                0x0000000000000000       0x20 ./LCD/hd44780/hd44780.o
 .text.hd44780_init
                0x0000000000000000      0x50e ./LCD/hd44780/hd44780.o
 .text.hd44780_powerdown
                0x0000000000000000       0x56 ./LCD/hd44780/hd44780.o
 .text          0x0000000000000000        0x0 ./LCD/hd44780/lcd.o
 .bss           0x0000000000000000        0x0 ./LCD/hd44780/lcd.o
 .text.lcd_init
                0x0000000000000000       0x3c ./LCD/hd44780/lcd.o
 .text.lcd_putchar
                0x0000000000000000       0x70 ./LCD/hd44780/lcd.o
 .bss.nl_seen.1811
                0x0000000000000000        0x1 ./LCD/hd44780/lcd.o
 .group         0x0000000000000000        0x8 ./LCD/LCD.o
 .text          0x0000000000000000        0x0 ./LCD/LCD.o
 .bss           0x0000000000000000        0x0 ./LCD/LCD.o
 .text._Z17hd44780_powerdownv
                0x0000000000000000       0x56 ./LCD/LCD.o
 .text._ZN3LCDD2Ev
                0x0000000000000000       0x18 ./LCD/LCD.o
 .text._ZN3LCD4stopEv
                0x0000000000000000       0x1c ./LCD/LCD.o
 .text._ZN3LCD9sendDigitEh
                0x0000000000000000       0x2e ./LCD/LCD.o
 .text._ZN3LCD5clearEv
                0x0000000000000000       0x32 ./LCD/LCD.o
 .text._ZN3LCD10defineCharEhPh
                0x0000000000000000       0x98 ./LCD/LCD.o
 .text._ZN3LCD15sendSpecialCharEh
                0x0000000000000000       0x68 ./LCD/LCD.o
 .text          0x0000000000000000        0x0 ./Buzzer.o
 .bss           0x0000000000000000        0x0 ./Buzzer.o
 .text._ZN6BuzzerC2Ev
                0x0000000000000000      0x2ec ./Buzzer.o
 .text          0x0000000000000000        0x0 ./main.o
 .bss           0x0000000000000000        0x0 ./main.o
 .text          0x0000000000000000        0x0 /usr/lib/gcc/avr/4.9.0/avr5/libgcc.a(_muluhisi3.o)
 .bss           0x0000000000000000        0x0 /usr/lib/gcc/avr/4.9.0/avr5/libgcc.a(_muluhisi3.o)
 .text.libgcc.div
                0x0000000000000000        0x0 /usr/lib/gcc/avr/4.9.0/avr5/libgcc.a(_muluhisi3.o)
 .text.libgcc   0x0000000000000000        0x0 /usr/lib/gcc/avr/4.9.0/avr5/libgcc.a(_muluhisi3.o)
 .text.libgcc.prologue
                0x0000000000000000        0x0 /usr/lib/gcc/avr/4.9.0/avr5/libgcc.a(_muluhisi3.o)
 .text.libgcc.builtins
                0x0000000000000000        0x0 /usr/lib/gcc/avr/4.9.0/avr5/libgcc.a(_muluhisi3.o)
 .text.libgcc.fmul
                0x0000000000000000        0x0 /usr/lib/gcc/avr/4.9.0/avr5/libgcc.a(_muluhisi3.o)
 .text.libgcc.fixed
                0x0000000000000000        0x0 /usr/lib/gcc/avr/4.9.0/avr5/libgcc.a(_muluhisi3.o)
 .text          0x0000000000000000        0x0 /usr/lib/gcc/avr/4.9.0/avr5/libgcc.a(_udivmodsi4.o)
 .bss           0x0000000000000000        0x0 /usr/lib/gcc/avr/4.9.0/avr5/libgcc.a(_udivmodsi4.o)
 .text.libgcc.mul
                0x0000000000000000        0x0 /usr/lib/gcc/avr/4.9.0/avr5/libgcc.a(_udivmodsi4.o)
 .text.libgcc   0x0000000000000000        0x0 /usr/lib/gcc/avr/4.9.0/avr5/libgcc.a(_udivmodsi4.o)
 .text.libgcc.prologue
                0x0000000000000000        0x0 /usr/lib/gcc/avr/4.9.0/avr5/libgcc.a(_udivmodsi4.o)
 .text.libgcc.builtins
                0x0000000000000000        0x0 /usr/lib/gcc/avr/4.9.0/avr5/libgcc.a(_udivmodsi4.o)
 .text.libgcc.fmul
                0x0000000000000000        0x0 /usr/lib/gcc/avr/4.9.0/avr5/libgcc.a(_udivmodsi4.o)
 .text.libgcc.fixed
                0x0000000000000000        0x0 /usr/lib/gcc/avr/4.9.0/avr5/libgcc.a(_udivmodsi4.o)
 .text          0x0000000000000000        0x0 /usr/lib/gcc/avr/4.9.0/avr5/libgcc.a(_divmodsi4.o)
 .bss           0x0000000000000000        0x0 /usr/lib/gcc/avr/4.9.0/avr5/libgcc.a(_divmodsi4.o)
 .text.libgcc.mul
                0x0000000000000000        0x0 /usr/lib/gcc/avr/4.9.0/avr5/libgcc.a(_divmodsi4.o)
 .text.libgcc   0x0000000000000000        0x0 /usr/lib/gcc/avr/4.9.0/avr5/libgcc.a(_divmodsi4.o)
 .text.libgcc.prologue
                0x0000000000000000        0x0 /usr/lib/gcc/avr/4.9.0/avr5/libgcc.a(_divmodsi4.o)
 .text.libgcc.builtins
                0x0000000000000000        0x0 /usr/lib/gcc/avr/4.9.0/avr5/libgcc.a(_divmodsi4.o)
 .text.libgcc.fmul
                0x0000000000000000        0x0 /usr/lib/gcc/avr/4.9.0/avr5/libgcc.a(_divmodsi4.o)
 .text.libgcc.fixed
                0x0000000000000000        0x0 /usr/lib/gcc/avr/4.9.0/avr5/libgcc.a(_divmodsi4.o)
 .text          0x0000000000000000        0x0 /usr/lib/gcc/avr/4.9.0/avr5/libgcc.a(_negsi2.o)
 .bss           0x0000000000000000        0x0 /usr/lib/gcc/avr/4.9.0/avr5/libgcc.a(_negsi2.o)
 .text.libgcc.mul
                0x0000000000000000        0x0 /usr/lib/gcc/avr/4.9.0/avr5/libgcc.a(_negsi2.o)
 .text.libgcc   0x0000000000000000        0x0 /usr/lib/gcc/avr/4.9.0/avr5/libgcc.a(_negsi2.o)
 .text.libgcc.prologue
                0x0000000000000000        0x0 /usr/lib/gcc/avr/4.9.0/avr5/libgcc.a(_negsi2.o)
 .text.libgcc.builtins
                0x0000000000000000        0x0 /usr/lib/gcc/avr/4.9.0/avr5/libgcc.a(_negsi2.o)
 .text.libgcc.fmul
                0x0000000000000000        0x0 /usr/lib/gcc/avr/4.9.0/avr5/libgcc.a(_negsi2.o)
 .text.libgcc.fixed
                0x0000000000000000        0x0 /usr/lib/gcc/avr/4.9.0/avr5/libgcc.a(_negsi2.o)
 .text          0x0000000000000000        0x0 /usr/lib/gcc/avr/4.9.0/avr5/libgcc.a(_exit.o)
 .bss           0x0000000000000000        0x0 /usr/lib/gcc/avr/4.9.0/avr5/libgcc.a(_exit.o)
 .text.libgcc.mul
                0x0000000000000000        0x0 /usr/lib/gcc/avr/4.9.0/avr5/libgcc.a(_exit.o)
 .text.libgcc.div
                0x0000000000000000        0x0 /usr/lib/gcc/avr/4.9.0/avr5/libgcc.a(_exit.o)
 .text.libgcc   0x0000000000000000        0x0 /usr/lib/gcc/avr/4.9.0/avr5/libgcc.a(_exit.o)
 .text.libgcc.prologue
                0x0000000000000000        0x0 /usr/lib/gcc/avr/4.9.0/avr5/libgcc.a(_exit.o)
 .text.libgcc.builtins
                0x0000000000000000        0x0 /usr/lib/gcc/avr/4.9.0/avr5/libgcc.a(_exit.o)
 .text.libgcc.fmul
                0x0000000000000000        0x0 /usr/lib/gcc/avr/4.9.0/avr5/libgcc.a(_exit.o)
 .text.libgcc.fixed
                0x0000000000000000        0x0 /usr/lib/gcc/avr/4.9.0/avr5/libgcc.a(_exit.o)
 .text          0x0000000000000000        0x0 /usr/lib/gcc/avr/4.9.0/avr5/libgcc.a(_copy_data.o)
 .bss           0x0000000000000000        0x0 /usr/lib/gcc/avr/4.9.0/avr5/libgcc.a(_copy_data.o)
 .text.libgcc.mul
                0x0000000000000000        0x0 /usr/lib/gcc/avr/4.9.0/avr5/libgcc.a(_copy_data.o)
 .text.libgcc.div
                0x0000000000000000        0x0 /usr/lib/gcc/avr/4.9.0/avr5/libgcc.a(_copy_data.o)
 .text.libgcc   0x0000000000000000        0x0 /usr/lib/gcc/avr/4.9.0/avr5/libgcc.a(_copy_data.o)
 .text.libgcc.prologue
                0x0000000000000000        0x0 /usr/lib/gcc/avr/4.9.0/avr5/libgcc.a(_copy_data.o)
 .text.libgcc.builtins
                0x0000000000000000        0x0 /usr/lib/gcc/avr/4.9.0/avr5/libgcc.a(_copy_data.o)
 .text.libgcc.fmul
                0x0000000000000000        0x0 /usr/lib/gcc/avr/4.9.0/avr5/libgcc.a(_copy_data.o)
 .text.libgcc.fixed
                0x0000000000000000        0x0 /usr/lib/gcc/avr/4.9.0/avr5/libgcc.a(_copy_data.o)
 .text          0x0000000000000000        0x0 /usr/lib/gcc/avr/4.9.0/avr5/libgcc.a(_clear_bss.o)
 .bss           0x0000000000000000        0x0 /usr/lib/gcc/avr/4.9.0/avr5/libgcc.a(_clear_bss.o)
 .text.libgcc.mul
                0x0000000000000000        0x0 /usr/lib/gcc/avr/4.9.0/avr5/libgcc.a(_clear_bss.o)
 .text.libgcc.div
                0x0000000000000000        0x0 /usr/lib/gcc/avr/4.9.0/avr5/libgcc.a(_clear_bss.o)
 .text.libgcc   0x0000000000000000        0x0 /usr/lib/gcc/avr/4.9.0/avr5/libgcc.a(_clear_bss.o)
 .text.libgcc.prologue
                0x0000000000000000        0x0 /usr/lib/gcc/avr/4.9.0/avr5/libgcc.a(_clear_bss.o)
 .text.libgcc.builtins
                0x0000000000000000        0x0 /usr/lib/gcc/avr/4.9.0/avr5/libgcc.a(_clear_bss.o)
 .text.libgcc.fmul
                0x0000000000000000        0x0 /usr/lib/gcc/avr/4.9.0/avr5/libgcc.a(_clear_bss.o)
 .text.libgcc.fixed
                0x0000000000000000        0x0 /usr/lib/gcc/avr/4.9.0/avr5/libgcc.a(_clear_bss.o)
 .text          0x0000000000000000        0x0 /usr/lib/gcc/avr/4.9.0/avr5/libgcc.a(_umulhisi3.o)
 .bss           0x0000000000000000        0x0 /usr/lib/gcc/avr/4.9.0/avr5/libgcc.a(_umulhisi3.o)
 .text.libgcc.div
                0x0000000000000000        0x0 /usr/lib/gcc/avr/4.9.0/avr5/libgcc.a(_umulhisi3.o)
 .text.libgcc   0x0000000000000000        0x0 /usr/lib/gcc/avr/4.9.0/avr5/libgcc.a(_umulhisi3.o)
 .text.libgcc.prologue
                0x0000000000000000        0x0 /usr/lib/gcc/avr/4.9.0/avr5/libgcc.a(_umulhisi3.o)
 .text.libgcc.builtins
                0x0000000000000000        0x0 /usr/lib/gcc/avr/4.9.0/avr5/libgcc.a(_umulhisi3.o)
 .text.libgcc.fmul
                0x0000000000000000        0x0 /usr/lib/gcc/avr/4.9.0/avr5/libgcc.a(_umulhisi3.o)
 .text.libgcc.fixed
                0x0000000000000000        0x0 /usr/lib/gcc/avr/4.9.0/avr5/libgcc.a(_umulhisi3.o)
 .text          0x0000000000000000        0x0 /usr/lib/gcc/avr/4.9.0/../../../../avr/lib/avr5/libm.a(cmpsf2.o)
 .bss           0x0000000000000000        0x0 /usr/lib/gcc/avr/4.9.0/../../../../avr/lib/avr5/libm.a(cmpsf2.o)
 .text          0x0000000000000000        0x0 /usr/lib/gcc/avr/4.9.0/../../../../avr/lib/avr5/libm.a(divsf3.o)
 .bss           0x0000000000000000        0x0 /usr/lib/gcc/avr/4.9.0/../../../../avr/lib/avr5/libm.a(divsf3.o)
 .text          0x0000000000000000        0x0 /usr/lib/gcc/avr/4.9.0/../../../../avr/lib/avr5/libm.a(divsf3x.o)
 .bss           0x0000000000000000        0x0 /usr/lib/gcc/avr/4.9.0/../../../../avr/lib/avr5/libm.a(divsf3x.o)
 .text          0x0000000000000000        0x0 /usr/lib/gcc/avr/4.9.0/../../../../avr/lib/avr5/libm.a(fixunssfsi.o)
 .bss           0x0000000000000000        0x0 /usr/lib/gcc/avr/4.9.0/../../../../avr/lib/avr5/libm.a(fixunssfsi.o)
 .text          0x0000000000000000        0x0 /usr/lib/gcc/avr/4.9.0/../../../../avr/lib/avr5/libm.a(fp_cmp.o)
 .bss           0x0000000000000000        0x0 /usr/lib/gcc/avr/4.9.0/../../../../avr/lib/avr5/libm.a(fp_cmp.o)
 .text          0x0000000000000000        0x0 /usr/lib/gcc/avr/4.9.0/../../../../avr/lib/avr5/libm.a(fp_inf.o)
 .bss           0x0000000000000000        0x0 /usr/lib/gcc/avr/4.9.0/../../../../avr/lib/avr5/libm.a(fp_inf.o)
 .text          0x0000000000000000        0x0 /usr/lib/gcc/avr/4.9.0/../../../../avr/lib/avr5/libm.a(fp_nan.o)
 .bss           0x0000000000000000        0x0 /usr/lib/gcc/avr/4.9.0/../../../../avr/lib/avr5/libm.a(fp_nan.o)
 .text          0x0000000000000000        0x0 /usr/lib/gcc/avr/4.9.0/../../../../avr/lib/avr5/libm.a(fp_pscA.o)
 .bss           0x0000000000000000        0x0 /usr/lib/gcc/avr/4.9.0/../../../../avr/lib/avr5/libm.a(fp_pscA.o)
 .text          0x0000000000000000        0x0 /usr/lib/gcc/avr/4.9.0/../../../../avr/lib/avr5/libm.a(fp_pscB.o)
 .bss           0x0000000000000000        0x0 /usr/lib/gcc/avr/4.9.0/../../../../avr/lib/avr5/libm.a(fp_pscB.o)
 .text          0x0000000000000000        0x0 /usr/lib/gcc/avr/4.9.0/../../../../avr/lib/avr5/libm.a(fp_round.o)
 .bss           0x0000000000000000        0x0 /usr/lib/gcc/avr/4.9.0/../../../../avr/lib/avr5/libm.a(fp_round.o)
 .text          0x0000000000000000        0x0 /usr/lib/gcc/avr/4.9.0/../../../../avr/lib/avr5/libm.a(fp_split3.o)
 .bss           0x0000000000000000        0x0 /usr/lib/gcc/avr/4.9.0/../../../../avr/lib/avr5/libm.a(fp_split3.o)
 .text          0x0000000000000000        0x0 /usr/lib/gcc/avr/4.9.0/../../../../avr/lib/avr5/libm.a(fp_zero.o)
 .bss           0x0000000000000000        0x0 /usr/lib/gcc/avr/4.9.0/../../../../avr/lib/avr5/libm.a(fp_zero.o)
 .text          0x0000000000000000        0x0 /usr/lib/gcc/avr/4.9.0/../../../../avr/lib/avr5/libm.a(gesf2.o)
 .bss           0x0000000000000000        0x0 /usr/lib/gcc/avr/4.9.0/../../../../avr/lib/avr5/libm.a(gesf2.o)
 .text          0x0000000000000000        0x0 /usr/lib/gcc/avr/4.9.0/../../../../avr/lib/avr5/libm.a(mulsf3.o)
 .bss           0x0000000000000000        0x0 /usr/lib/gcc/avr/4.9.0/../../../../avr/lib/avr5/libm.a(mulsf3.o)
 .text          0x0000000000000000        0x0 /usr/lib/gcc/avr/4.9.0/../../../../avr/lib/avr5/libm.a(mulsf3x.o)
 .bss           0x0000000000000000        0x0 /usr/lib/gcc/avr/4.9.0/../../../../avr/lib/avr5/libm.a(mulsf3x.o)

Memory Configuration

Name             Origin             Length             Attributes
text             0x0000000000000000 0x0000000000020000 xr
data             0x0000000000800060 0x000000000000ffa0 rw !x
eeprom           0x0000000000810000 0x0000000000010000 rw !x
fuse             0x0000000000820000 0x0000000000000400 rw !x
lock             0x0000000000830000 0x0000000000000400 rw !x
signature        0x0000000000840000 0x0000000000000400 rw !x
*default*        0x0000000000000000 0xffffffffffffffff

Linker script and memory map

LOAD /usr/lib/gcc/avr/4.9.0/../../../../avr/lib/avr5/crtm16a.o
LOAD ./LCD/hd44780/hd44780.o
LOAD ./LCD/hd44780/lcd.o
LOAD ./LCD/LCD.o
LOAD ./Buzzer.o
LOAD ./main.o
LOAD /usr/lib/gcc/avr/4.9.0/avr5/libgcc.a
LOAD /usr/lib/gcc/avr/4.9.0/../../../../avr/lib/avr5/libm.a
START GROUP
LOAD /usr/lib/gcc/avr/4.9.0/avr5/libgcc.a
LOAD /usr/lib/gcc/avr/4.9.0/../../../../avr/lib/avr5/libm.a
LOAD /usr/lib/gcc/avr/4.9.0/../../../../avr/lib/avr5/libc.a
END GROUP

.hash
 *(.hash)

.dynsym
 *(.dynsym)

.dynstr
 *(.dynstr)

.gnu.version
 *(.gnu.version)

.gnu.version_d
 *(.gnu.version_d)

.gnu.version_r
 *(.gnu.version_r)

.rel.init
 *(.rel.init)

.rela.init
 *(.rela.init)

.rel.text
 *(.rel.text)
 *(.rel.text.*)
 *(.rel.gnu.linkonce.t*)

.rela.text
 *(.rela.text)
 *(.rela.text.*)
 *(.rela.gnu.linkonce.t*)

.rel.fini
 *(.rel.fini)

.rela.fini
 *(.rela.fini)

.rel.rodata
 *(.rel.rodata)
 *(.rel.rodata.*)
 *(.rel.gnu.linkonce.r*)

.rela.rodata
 *(.rela.rodata)
 *(.rela.rodata.*)
 *(.rela.gnu.linkonce.r*)

.rel.data
 *(.rel.data)
 *(.rel.data.*)
 *(.rel.gnu.linkonce.d*)

.rela.data
 *(.rela.data)
 *(.rela.data.*)
 *(.rela.gnu.linkonce.d*)

.rel.ctors
 *(.rel.ctors)

.rela.ctors
 *(.rela.ctors)

.rel.dtors
 *(.rel.dtors)

.rela.dtors
 *(.rela.dtors)

.rel.got
 *(.rel.got)

.rela.got
 *(.rela.got)

.rel.bss
 *(.rel.bss)

.rela.bss
 *(.rela.bss)

.rel.plt
 *(.rel.plt)

.rela.plt
 *(.rela.plt)

.text           0x0000000000000000     0x1730
 *(.vectors)
 .vectors       0x0000000000000000       0x54 /usr/lib/gcc/avr/4.9.0/../../../../avr/lib/avr5/crtm16a.o
                0x0000000000000000                __vectors
                0x0000000000000000                __vector_default
 *(.vectors)
 *(.progmem.gcc*)
                0x0000000000000054                . = ALIGN (0x2)
                0x0000000000000054                __trampolines_start = .
 *(.trampolines)
 .trampolines   0x0000000000000054        0x0 linker stubs
 *(.trampolines*)
                0x0000000000000054                __trampolines_end = .
 *(.progmem*)
                0x0000000000000054                . = ALIGN (0x2)
 *(.jumptables)
 *(.jumptables*)
 *(.lowtext)
 *(.lowtext*)
                0x0000000000000054                __ctors_start = .
 *(.ctors)
                0x0000000000000054                __ctors_end = .
                0x0000000000000054                __dtors_start = .
 *(.dtors)
                0x0000000000000054                __dtors_end = .
 SORT(*)(.ctors)
 SORT(*)(.dtors)
 *(.init0)
 .init0         0x0000000000000054        0x0 /usr/lib/gcc/avr/4.9.0/../../../../avr/lib/avr5/crtm16a.o
                0x0000000000000054                __init
 *(.init0)
 *(.init1)
 *(.init1)
 *(.init2)
 .init2         0x0000000000000054        0xc /usr/lib/gcc/avr/4.9.0/../../../../avr/lib/avr5/crtm16a.o
 *(.init2)
 *(.init3)
 *(.init3)
 *(.init4)
 .init4         0x0000000000000060       0x16 /usr/lib/gcc/avr/4.9.0/avr5/libgcc.a(_copy_data.o)
                0x0000000000000060                __do_copy_data
 .init4         0x0000000000000076       0x10 /usr/lib/gcc/avr/4.9.0/avr5/libgcc.a(_clear_bss.o)
                0x0000000000000076                __do_clear_bss
 *(.init4)
 *(.init5)
 *(.init5)
 *(.init6)
 *(.init6)
 *(.init7)
 *(.init7)
 *(.init8)
 *(.init8)
 *(.init9)
 .init9         0x0000000000000086        0x6 /usr/lib/gcc/avr/4.9.0/../../../../avr/lib/avr5/crtm16a.o
 *(.init9)
 *(.text)
 .text          0x000000000000008c        0x2 /usr/lib/gcc/avr/4.9.0/../../../../avr/lib/avr5/crtm16a.o
                0x000000000000008c                __vector_1
                0x000000000000008c                __vector_12
                0x000000000000008c                __bad_interrupt
                0x000000000000008c                __vector_6
                0x000000000000008c                __vector_3
                0x000000000000008c                __vector_11
                0x000000000000008c                __vector_13
                0x000000000000008c                __vector_17
                0x000000000000008c                __vector_19
                0x000000000000008c                __vector_7
                0x000000000000008c                __vector_5
                0x000000000000008c                __vector_4
                0x000000000000008c                __vector_9
                0x000000000000008c                __vector_2
                0x000000000000008c                __vector_15
                0x000000000000008c                __vector_8
                0x000000000000008c                __vector_14
                0x000000000000008c                __vector_10
                0x000000000000008c                __vector_16
                0x000000000000008c                __vector_18
                0x000000000000008c                __vector_20
                0x000000000000008e                . = ALIGN (0x2)
 *(.text.*)
 .text._ZN3LCD6Cursor4iterEv
                0x000000000000008e       0x6a ./LCD/LCD.o
                0x000000000000008e                LCD::Cursor::iter()
 .text._ZL17hd44780_outnibblehh
                0x00000000000000f8      0x238 ./LCD/LCD.o
 .text._Z15hd44780_outbytehh
                0x0000000000000330       0x3a ./LCD/LCD.o
                0x0000000000000330                hd44780_outbyte(unsigned char, unsigned char)
 .text._ZL16hd44780_innibbleh
                0x000000000000036a      0x254 ./LCD/LCD.o
 .text._Z14hd44780_inbyteh
                0x00000000000005be       0x2c ./LCD/LCD.o
                0x00000000000005be                hd44780_inbyte(unsigned char)
 .text._Z18hd44780_wait_readyb
                0x00000000000005ea       0x24 ./LCD/LCD.o
                0x00000000000005ea                hd44780_wait_ready(bool)
 .text._Z12hd44780_initv
                0x000000000000060e      0x4c2 ./LCD/LCD.o
                0x000000000000060e                hd44780_init()
 .text._ZN3LCDC2Ev
                0x0000000000000ad0       0x56 ./LCD/LCD.o
                0x0000000000000ad0                LCD::LCD()
                0x0000000000000ad0                LCD::LCD()
 .text._ZN3LCD4initEv
                0x0000000000000b26       0xae ./LCD/LCD.o
                0x0000000000000b26                LCD::init()
 .text._ZN3LCD8sendCharEh
                0x0000000000000bd4       0x58 ./LCD/LCD.o
                0x0000000000000bd4                LCD::sendChar(unsigned char)
 .text._ZN3LCD8sendTextEPKch
                0x0000000000000c2c      0x14e ./LCD/LCD.o
                0x0000000000000c2c                LCD::sendText(char const*, unsigned char)
 .text._ZN3LCD7sendIntElh
                0x0000000000000d7a      0x1f8 ./LCD/LCD.o
                0x0000000000000d7a                LCD::sendInt(long, unsigned char)
 .text._ZN3LCD7goToPosEhh
                0x0000000000000f72       0x78 ./LCD/LCD.o
                0x0000000000000f72                LCD::goToPos(unsigned char, unsigned char)
 .text._ZN3LCD19setCursorVisibilityEbb
                0x0000000000000fea       0x36 ./LCD/LCD.o
                0x0000000000000fea                LCD::setCursorVisibility(bool, bool)
 .text._ZN3LCD11setFunctionEbbb
                0x0000000000001020       0x46 ./LCD/LCD.o
                0x0000000000001020                LCD::setFunction(bool, bool, bool)
 .text.main     0x0000000000001066      0x330 ./main.o
                0x0000000000001066                main
 .text.libgcc.mul
                0x0000000000001396       0x14 /usr/lib/gcc/avr/4.9.0/avr5/libgcc.a(_muluhisi3.o)
                0x0000000000001396                __muluhisi3
 .text.libgcc.div
                0x00000000000013aa       0x44 /usr/lib/gcc/avr/4.9.0/avr5/libgcc.a(_udivmodsi4.o)
                0x00000000000013aa                __udivmodsi4
 .text.libgcc.div
                0x00000000000013ee       0x28 /usr/lib/gcc/avr/4.9.0/avr5/libgcc.a(_divmodsi4.o)
                0x00000000000013ee                __divmodsi4
 .text.libgcc.div
                0x0000000000001416       0x10 /usr/lib/gcc/avr/4.9.0/avr5/libgcc.a(_negsi2.o)
                0x0000000000001416                __negsi2
 .text.libgcc.mul
                0x0000000000001426       0x1e /usr/lib/gcc/avr/4.9.0/avr5/libgcc.a(_umulhisi3.o)
                0x0000000000001426                __umulhisi3
 .text.avr-libc.fplib
                0x0000000000001444        0x8 /usr/lib/gcc/avr/4.9.0/../../../../avr/lib/avr5/libm.a(cmpsf2.o)
                0x0000000000001444                __lesf2
                0x0000000000001444                __nesf2
                0x0000000000001444                __eqsf2
                0x0000000000001444                __cmpsf2
                0x0000000000001444                __ltsf2
 .text.avr-libc.fplib
                0x000000000000144c        0x4 /usr/lib/gcc/avr/4.9.0/../../../../avr/lib/avr5/libm.a(divsf3.o)
                0x000000000000144c                __divsf3
 .text.avr-libc.fplib
                0x0000000000001450       0xcc /usr/lib/gcc/avr/4.9.0/../../../../avr/lib/avr5/libm.a(divsf3x.o)
                0x0000000000001466                __divsf3x
                0x000000000000146a                __divsf3_pse
 .text.avr-libc.fplib
                0x000000000000151c       0x58 /usr/lib/gcc/avr/4.9.0/../../../../avr/lib/avr5/libm.a(fixunssfsi.o)
                0x000000000000151c                __fixunssfsi
 .text.avr-libc.fplib
                0x0000000000001574       0x48 /usr/lib/gcc/avr/4.9.0/../../../../avr/lib/avr5/libm.a(fp_cmp.o)
                0x0000000000001574                __fp_cmp
 .text.avr-libc.fplib
                0x00000000000015bc        0xc /usr/lib/gcc/avr/4.9.0/../../../../avr/lib/avr5/libm.a(fp_inf.o)
                0x00000000000015bc                __fp_inf
 .text.avr-libc.fplib
                0x00000000000015c8        0x6 /usr/lib/gcc/avr/4.9.0/../../../../avr/lib/avr5/libm.a(fp_nan.o)
                0x00000000000015c8                __fp_nan
 .text.avr-libc.fplib
                0x00000000000015ce        0xe /usr/lib/gcc/avr/4.9.0/../../../../avr/lib/avr5/libm.a(fp_pscA.o)
                0x00000000000015ce                __fp_pscA
 .text.avr-libc.fplib
                0x00000000000015dc        0xe /usr/lib/gcc/avr/4.9.0/../../../../avr/lib/avr5/libm.a(fp_pscB.o)
                0x00000000000015dc                __fp_pscB
 .text.avr-libc.fplib
                0x00000000000015ea       0x22 /usr/lib/gcc/avr/4.9.0/../../../../avr/lib/avr5/libm.a(fp_round.o)
                0x00000000000015ea                __fp_round
 .text.avr-libc.fplib
                0x000000000000160c       0x44 /usr/lib/gcc/avr/4.9.0/../../../../avr/lib/avr5/libm.a(fp_split3.o)
                0x000000000000160c                __fp_split3
                0x000000000000161c                __fp_splitA
 .text.avr-libc.fplib
                0x0000000000001650        0xe /usr/lib/gcc/avr/4.9.0/../../../../avr/lib/avr5/libm.a(fp_zero.o)
                0x0000000000001650                __fp_zero
                0x0000000000001652                __fp_szero
 .text.avr-libc.fplib
                0x000000000000165e        0x8 /usr/lib/gcc/avr/4.9.0/../../../../avr/lib/avr5/libm.a(gesf2.o)
                0x000000000000165e                __gtsf2
                0x000000000000165e                __gesf2
 .text.avr-libc.fplib
                0x0000000000001666        0x4 /usr/lib/gcc/avr/4.9.0/../../../../avr/lib/avr5/libm.a(mulsf3.o)
                0x0000000000001666                __mulsf3
 .text.avr-libc.fplib
                0x000000000000166a       0xc2 /usr/lib/gcc/avr/4.9.0/../../../../avr/lib/avr5/libm.a(mulsf3x.o)
                0x000000000000167e                __mulsf3x
                0x0000000000001682                __mulsf3_pse
                0x000000000000172c                . = ALIGN (0x2)
 *(.fini9)
 .fini9         0x000000000000172c        0x0 /usr/lib/gcc/avr/4.9.0/avr5/libgcc.a(_exit.o)
                0x000000000000172c                exit
                0x000000000000172c                _exit
 *(.fini9)
 *(.fini8)
 *(.fini8)
 *(.fini7)
 *(.fini7)
 *(.fini6)
 *(.fini6)
 *(.fini5)
 *(.fini5)
 *(.fini4)
 *(.fini4)
 *(.fini3)
 *(.fini3)
 *(.fini2)
 *(.fini2)
 *(.fini1)
 *(.fini1)
 *(.fini0)
 .fini0         0x000000000000172c        0x4 /usr/lib/gcc/avr/4.9.0/avr5/libgcc.a(_exit.o)
 *(.fini0)
                0x0000000000001730                _etext = .

.data           0x0000000000800060       0x1e load address 0x0000000000001730
                0x0000000000800060                PROVIDE (__data_start, .)
 *(.data)
 .data          0x0000000000800060        0x0 /usr/lib/gcc/avr/4.9.0/../../../../avr/lib/avr5/crtm16a.o
 .data          0x0000000000800060        0x0 ./LCD/hd44780/hd44780.o
 .data          0x0000000000800060        0x0 ./LCD/hd44780/lcd.o
 .data          0x0000000000800060        0x0 ./LCD/LCD.o
 .data          0x0000000000800060        0x0 ./Buzzer.o
 .data          0x0000000000800060        0x0 ./main.o
 .data          0x0000000000800060        0x0 /usr/lib/gcc/avr/4.9.0/avr5/libgcc.a(_muluhisi3.o)
 .data          0x0000000000800060        0x0 /usr/lib/gcc/avr/4.9.0/avr5/libgcc.a(_udivmodsi4.o)
 .data          0x0000000000800060        0x0 /usr/lib/gcc/avr/4.9.0/avr5/libgcc.a(_divmodsi4.o)
 .data          0x0000000000800060        0x0 /usr/lib/gcc/avr/4.9.0/avr5/libgcc.a(_negsi2.o)
 .data          0x0000000000800060        0x0 /usr/lib/gcc/avr/4.9.0/avr5/libgcc.a(_exit.o)
 .data          0x0000000000800060        0x0 /usr/lib/gcc/avr/4.9.0/avr5/libgcc.a(_copy_data.o)
 .data          0x0000000000800060        0x0 /usr/lib/gcc/avr/4.9.0/avr5/libgcc.a(_clear_bss.o)
 .data          0x0000000000800060        0x0 /usr/lib/gcc/avr/4.9.0/avr5/libgcc.a(_umulhisi3.o)
 .data          0x0000000000800060        0x0 /usr/lib/gcc/avr/4.9.0/../../../../avr/lib/avr5/libm.a(cmpsf2.o)
 .data          0x0000000000800060        0x0 /usr/lib/gcc/avr/4.9.0/../../../../avr/lib/avr5/libm.a(divsf3.o)
 .data          0x0000000000800060        0x0 /usr/lib/gcc/avr/4.9.0/../../../../avr/lib/avr5/libm.a(divsf3x.o)
 .data          0x0000000000800060        0x0 /usr/lib/gcc/avr/4.9.0/../../../../avr/lib/avr5/libm.a(fixunssfsi.o)
 .data          0x0000000000800060        0x0 /usr/lib/gcc/avr/4.9.0/../../../../avr/lib/avr5/libm.a(fp_cmp.o)
 .data          0x0000000000800060        0x0 /usr/lib/gcc/avr/4.9.0/../../../../avr/lib/avr5/libm.a(fp_inf.o)
 .data          0x0000000000800060        0x0 /usr/lib/gcc/avr/4.9.0/../../../../avr/lib/avr5/libm.a(fp_nan.o)
 .data          0x0000000000800060        0x0 /usr/lib/gcc/avr/4.9.0/../../../../avr/lib/avr5/libm.a(fp_pscA.o)
 .data          0x0000000000800060        0x0 /usr/lib/gcc/avr/4.9.0/../../../../avr/lib/avr5/libm.a(fp_pscB.o)
 .data          0x0000000000800060        0x0 /usr/lib/gcc/avr/4.9.0/../../../../avr/lib/avr5/libm.a(fp_round.o)
 .data          0x0000000000800060        0x0 /usr/lib/gcc/avr/4.9.0/../../../../avr/lib/avr5/libm.a(fp_split3.o)
 .data          0x0000000000800060        0x0 /usr/lib/gcc/avr/4.9.0/../../../../avr/lib/avr5/libm.a(fp_zero.o)
 .data          0x0000000000800060        0x0 /usr/lib/gcc/avr/4.9.0/../../../../avr/lib/avr5/libm.a(gesf2.o)
 .data          0x0000000000800060        0x0 /usr/lib/gcc/avr/4.9.0/../../../../avr/lib/avr5/libm.a(mulsf3.o)
 .data          0x0000000000800060        0x0 /usr/lib/gcc/avr/4.9.0/../../../../avr/lib/avr5/libm.a(mulsf3x.o)
 *(.data*)
 *(.rodata)
 .rodata        0x0000000000800060       0x1d ./main.o
 *(.rodata*)
 *(.gnu.linkonce.d*)
                0x000000000080007e                . = ALIGN (0x2)
 *fill*         0x000000000080007d        0x1 
                0x000000000080007e                _edata = .
                0x000000000080007e                PROVIDE (__data_end, .)

.bss            0x000000000080007e        0x0
                0x000000000080007e                PROVIDE (__bss_start, .)
 *(.bss)
 *(.bss*)
 *(COMMON)
                0x000000000080007e                PROVIDE (__bss_end, .)
                0x0000000000001730                __data_load_start = LOADADDR (.data)
                0x000000000000174e                __data_load_end = (__data_load_start + SIZEOF (.data))

.noinit         0x000000000080007e        0x0
                0x000000000080007e                PROVIDE (__noinit_start, .)
 *(.noinit*)
                0x000000000080007e                PROVIDE (__noinit_end, .)
                0x000000000080007e                _end = .
                0x000000000080007e                PROVIDE (__heap_start, .)

.eeprom         0x0000000000810000        0x0
 *(.eeprom*)
                0x0000000000810000                __eeprom_end = .

.fuse
 *(.fuse)
 *(.lfuse)
 *(.hfuse)
 *(.efuse)

.lock
 *(.lock*)

.signature
 *(.signature*)

.stab           0x0000000000000000     0x447c
 *(.stab)
 .stab          0x0000000000000000      0x6cc /usr/lib/gcc/avr/4.9.0/../../../../avr/lib/avr5/crtm16a.o
 .stab          0x00000000000006cc      0x468 ./LCD/hd44780/hd44780.o
                                        0xbd0 (size before relaxing)
 .stab          0x0000000000000b34      0x30c ./LCD/hd44780/lcd.o
                                        0x654 (size before relaxing)
 .stab          0x0000000000000e40     0x153c ./LCD/LCD.o
                                       0x1860 (size before relaxing)
 .stab          0x000000000000237c      0x48c ./Buzzer.o
                                        0x720 (size before relaxing)
 .stab          0x0000000000002808      0x7b0 ./main.o
                                        0x7bc (size before relaxing)
 .stab          0x0000000000002fb8       0x90 /usr/lib/gcc/avr/4.9.0/../../../../avr/lib/avr5/libm.a(cmpsf2.o)
                                         0x9c (size before relaxing)
 .stab          0x0000000000003048       0x48 /usr/lib/gcc/avr/4.9.0/../../../../avr/lib/avr5/libm.a(divsf3.o)
                                         0x54 (size before relaxing)
 .stab          0x0000000000003090      0x510 /usr/lib/gcc/avr/4.9.0/../../../../avr/lib/avr5/libm.a(divsf3x.o)
                                        0x51c (size before relaxing)
 .stab          0x00000000000035a0      0x240 /usr/lib/gcc/avr/4.9.0/../../../../avr/lib/avr5/libm.a(fixunssfsi.o)
                                        0x24c (size before relaxing)
 .stab          0x00000000000037e0      0x1e0 /usr/lib/gcc/avr/4.9.0/../../../../avr/lib/avr5/libm.a(fp_cmp.o)
                                        0x1ec (size before relaxing)
 .stab          0x00000000000039c0       0x78 /usr/lib/gcc/avr/4.9.0/../../../../avr/lib/avr5/libm.a(fp_inf.o)
                                         0x84 (size before relaxing)
 .stab          0x0000000000003a38       0x54 /usr/lib/gcc/avr/4.9.0/../../../../avr/lib/avr5/libm.a(fp_nan.o)
                                         0x60 (size before relaxing)
 .stab          0x0000000000003a8c       0x84 /usr/lib/gcc/avr/4.9.0/../../../../avr/lib/avr5/libm.a(fp_pscA.o)
                                         0x90 (size before relaxing)
 .stab          0x0000000000003b10       0x84 /usr/lib/gcc/avr/4.9.0/../../../../avr/lib/avr5/libm.a(fp_pscB.o)
                                         0x90 (size before relaxing)
 .stab          0x0000000000003b94       0xfc /usr/lib/gcc/avr/4.9.0/../../../../avr/lib/avr5/libm.a(fp_round.o)
                                        0x108 (size before relaxing)
 .stab          0x0000000000003c90      0x1d4 /usr/lib/gcc/avr/4.9.0/../../../../avr/lib/avr5/libm.a(fp_split3.o)
                                        0x1e0 (size before relaxing)
 .stab          0x0000000000003e64       0x90 /usr/lib/gcc/avr/4.9.0/../../../../avr/lib/avr5/libm.a(fp_zero.o)
                                         0x9c (size before relaxing)
 .stab          0x0000000000003ef4       0x6c /usr/lib/gcc/avr/4.9.0/../../../../avr/lib/avr5/libm.a(gesf2.o)
                                         0x78 (size before relaxing)
 .stab          0x0000000000003f60       0x48 /usr/lib/gcc/avr/4.9.0/../../../../avr/lib/avr5/libm.a(mulsf3.o)
                                         0x54 (size before relaxing)
 .stab          0x0000000000003fa8      0x4d4 /usr/lib/gcc/avr/4.9.0/../../../../avr/lib/avr5/libm.a(mulsf3x.o)
                                        0x4e0 (size before relaxing)

.stabstr        0x0000000000000000     0x2383
 *(.stabstr)
 .stabstr       0x0000000000000000     0x2383 /usr/lib/gcc/avr/4.9.0/../../../../avr/lib/avr5/crtm16a.o

.stab.excl
 *(.stab.excl)

.stab.exclstr
 *(.stab.exclstr)

.stab.index
 *(.stab.index)

.stab.indexstr
 *(.stab.indexstr)

.comment        0x0000000000000000       0x11
 *(.comment)
 .comment       0x0000000000000000       0x11 ./LCD/hd44780/hd44780.o
                                         0x12 (size before relaxing)
 .comment       0x0000000000000000       0x12 ./LCD/hd44780/lcd.o
 .comment       0x0000000000000000       0x12 ./LCD/LCD.o
 .comment       0x0000000000000000       0x12 ./Buzzer.o
 .comment       0x0000000000000000       0x12 ./main.o

.note.gnu.build-id
 *(.note.gnu.build-id)

.debug
 *(.debug)

.line
 *(.line)

.debug_srcinfo
 *(.debug_srcinfo)

.debug_sfnames
 *(.debug_sfnames)

.debug_aranges
 *(.debug_aranges)

.debug_pubnames
 *(.debug_pubnames)

.debug_info
 *(.debug_info .gnu.linkonce.wi.*)

.debug_abbrev
 *(.debug_abbrev)

.debug_line
 *(.debug_line .debug_line.* .debug_line_end)

.debug_frame
 *(.debug_frame)

.debug_str
 *(.debug_str)

.debug_loc
 *(.debug_loc)

.debug_macinfo
 *(.debug_macinfo)

.debug_weaknames
 *(.debug_weaknames)

.debug_funcnames
 *(.debug_funcnames)

.debug_typenames
 *(.debug_typenames)

.debug_varnames
 *(.debug_varnames)

.debug_pubtypes
 *(.debug_pubtypes)

.debug_ranges
 *(.debug_ranges)

.debug_macro
 *(.debug_macro)
OUTPUT(BUZZER_CPP.elf elf32-avr)
LOAD linker stubs

Cross Reference Table

Symbol                                            File
Buzzer::Buzzer()                                  ./Buzzer.o
Buzzer::Buzzer()                                  ./Buzzer.o
LCD::Cursor::iter()                               ./LCD/LCD.o
LCD::LCD()                                        ./LCD/LCD.o
LCD::LCD()                                        ./LCD/LCD.o
                                                  ./main.o
LCD::clear()                                      ./LCD/LCD.o
LCD::defineChar(unsigned char, unsigned char*)    ./LCD/LCD.o
LCD::goToPos(unsigned char, unsigned char)        ./LCD/LCD.o
LCD::init()                                       ./LCD/LCD.o
                                                  ./main.o
LCD::sendChar(unsigned char)                      ./LCD/LCD.o
LCD::sendDigit(unsigned char)                     ./LCD/LCD.o
LCD::sendInt(long, unsigned char)                 ./LCD/LCD.o
                                                  ./main.o
LCD::sendSpecialChar(unsigned char)               ./LCD/LCD.o
LCD::sendText(char const*, unsigned char)         ./LCD/LCD.o
                                                  ./main.o
LCD::setCursorVisibility(bool, bool)              ./LCD/LCD.o
                                                  ./main.o
LCD::setFunction(bool, bool, bool)                ./LCD/LCD.o
                                                  ./main.o
LCD::stop()                                       ./LCD/LCD.o
LCD::~LCD()                                       ./LCD/LCD.o
LCD::~LCD()                                       ./LCD/LCD.o
__bad_interrupt                                   /usr/lib/gcc/avr/4.9.0/../../../../avr/lib/avr5/crtm16a.o
__bss_end                                         /usr/lib/gcc/avr/4.9.0/avr5/libgcc.a(_clear_bss.o)
__bss_start                                       /usr/lib/gcc/avr/4.9.0/avr5/libgcc.a(_clear_bss.o)
__cmpsf2                                          /usr/lib/gcc/avr/4.9.0/../../../../avr/lib/avr5/libm.a(cmpsf2.o)
__data_end                                        /usr/lib/gcc/avr/4.9.0/avr5/libgcc.a(_copy_data.o)
__data_load_start                                 /usr/lib/gcc/avr/4.9.0/avr5/libgcc.a(_copy_data.o)
__data_start                                      /usr/lib/gcc/avr/4.9.0/avr5/libgcc.a(_copy_data.o)
__divmodsi4                                       /usr/lib/gcc/avr/4.9.0/avr5/libgcc.a(_divmodsi4.o)
                                                  ./LCD/LCD.o
__divsf3                                          /usr/lib/gcc/avr/4.9.0/../../../../avr/lib/avr5/libm.a(divsf3.o)
                                                  ./main.o
                                                  ./Buzzer.o
                                                  ./LCD/LCD.o
                                                  ./LCD/hd44780/hd44780.o
__divsf3_pse                                      /usr/lib/gcc/avr/4.9.0/../../../../avr/lib/avr5/libm.a(divsf3x.o)
__divsf3x                                         /usr/lib/gcc/avr/4.9.0/../../../../avr/lib/avr5/libm.a(divsf3x.o)
                                                  /usr/lib/gcc/avr/4.9.0/../../../../avr/lib/avr5/libm.a(divsf3.o)
__do_clear_bss                                    /usr/lib/gcc/avr/4.9.0/avr5/libgcc.a(_clear_bss.o)
                                                  ./LCD/hd44780/lcd.o
__do_copy_data                                    /usr/lib/gcc/avr/4.9.0/avr5/libgcc.a(_copy_data.o)
                                                  ./main.o
__eqsf2                                           /usr/lib/gcc/avr/4.9.0/../../../../avr/lib/avr5/libm.a(cmpsf2.o)
__fixunssfsi                                      /usr/lib/gcc/avr/4.9.0/../../../../avr/lib/avr5/libm.a(fixunssfsi.o)
                                                  ./main.o
                                                  ./Buzzer.o
                                                  ./LCD/LCD.o
                                                  ./LCD/hd44780/hd44780.o
__fp_cmp                                          /usr/lib/gcc/avr/4.9.0/../../../../avr/lib/avr5/libm.a(fp_cmp.o)
                                                  /usr/lib/gcc/avr/4.9.0/../../../../avr/lib/avr5/libm.a(gesf2.o)
                                                  /usr/lib/gcc/avr/4.9.0/../../../../avr/lib/avr5/libm.a(cmpsf2.o)
__fp_inf                                          /usr/lib/gcc/avr/4.9.0/../../../../avr/lib/avr5/libm.a(fp_inf.o)
                                                  /usr/lib/gcc/avr/4.9.0/../../../../avr/lib/avr5/libm.a(mulsf3x.o)
                                                  /usr/lib/gcc/avr/4.9.0/../../../../avr/lib/avr5/libm.a(divsf3x.o)
__fp_nan                                          /usr/lib/gcc/avr/4.9.0/../../../../avr/lib/avr5/libm.a(fp_nan.o)
                                                  /usr/lib/gcc/avr/4.9.0/../../../../avr/lib/avr5/libm.a(mulsf3x.o)
                                                  /usr/lib/gcc/avr/4.9.0/../../../../avr/lib/avr5/libm.a(divsf3x.o)
__fp_pscA                                         /usr/lib/gcc/avr/4.9.0/../../../../avr/lib/avr5/libm.a(fp_pscA.o)
                                                  /usr/lib/gcc/avr/4.9.0/../../../../avr/lib/avr5/libm.a(mulsf3x.o)
                                                  /usr/lib/gcc/avr/4.9.0/../../../../avr/lib/avr5/libm.a(divsf3x.o)
__fp_pscB                                         /usr/lib/gcc/avr/4.9.0/../../../../avr/lib/avr5/libm.a(fp_pscB.o)
                                                  /usr/lib/gcc/avr/4.9.0/../../../../avr/lib/avr5/libm.a(mulsf3x.o)
                                                  /usr/lib/gcc/avr/4.9.0/../../../../avr/lib/avr5/libm.a(divsf3x.o)
__fp_round                                        /usr/lib/gcc/avr/4.9.0/../../../../avr/lib/avr5/libm.a(fp_round.o)
                                                  /usr/lib/gcc/avr/4.9.0/../../../../avr/lib/avr5/libm.a(mulsf3.o)
                                                  /usr/lib/gcc/avr/4.9.0/../../../../avr/lib/avr5/libm.a(divsf3.o)
__fp_split3                                       /usr/lib/gcc/avr/4.9.0/../../../../avr/lib/avr5/libm.a(fp_split3.o)
                                                  /usr/lib/gcc/avr/4.9.0/../../../../avr/lib/avr5/libm.a(mulsf3x.o)
                                                  /usr/lib/gcc/avr/4.9.0/../../../../avr/lib/avr5/libm.a(divsf3x.o)
__fp_splitA                                       /usr/lib/gcc/avr/4.9.0/../../../../avr/lib/avr5/libm.a(fp_split3.o)
                                                  /usr/lib/gcc/avr/4.9.0/../../../../avr/lib/avr5/libm.a(fixunssfsi.o)
__fp_szero                                        /usr/lib/gcc/avr/4.9.0/../../../../avr/lib/avr5/libm.a(fp_zero.o)
                                                  /usr/lib/gcc/avr/4.9.0/../../../../avr/lib/avr5/libm.a(mulsf3x.o)
                                                  /usr/lib/gcc/avr/4.9.0/../../../../avr/lib/avr5/libm.a(divsf3x.o)
__fp_zero                                         /usr/lib/gcc/avr/4.9.0/../../../../avr/lib/avr5/libm.a(fp_zero.o)
                                                  /usr/lib/gcc/avr/4.9.0/../../../../avr/lib/avr5/libm.a(fixunssfsi.o)
__gesf2                                           /usr/lib/gcc/avr/4.9.0/../../../../avr/lib/avr5/libm.a(gesf2.o)
__gtsf2                                           /usr/lib/gcc/avr/4.9.0/../../../../avr/lib/avr5/libm.a(gesf2.o)
                                                  ./main.o
                                                  ./Buzzer.o
                                                  ./LCD/LCD.o
                                                  ./LCD/hd44780/hd44780.o
__heap_end                                        /usr/lib/gcc/avr/4.9.0/../../../../avr/lib/avr5/crtm16a.o
__init                                            /usr/lib/gcc/avr/4.9.0/../../../../avr/lib/avr5/crtm16a.o
__lesf2                                           /usr/lib/gcc/avr/4.9.0/../../../../avr/lib/avr5/libm.a(cmpsf2.o)
__ltsf2                                           /usr/lib/gcc/avr/4.9.0/../../../../avr/lib/avr5/libm.a(cmpsf2.o)
                                                  ./main.o
                                                  ./Buzzer.o
                                                  ./LCD/LCD.o
                                                  ./LCD/hd44780/hd44780.o
__mulsf3                                          /usr/lib/gcc/avr/4.9.0/../../../../avr/lib/avr5/libm.a(mulsf3.o)
                                                  ./main.o
                                                  ./Buzzer.o
                                                  ./LCD/LCD.o
                                                  ./LCD/hd44780/hd44780.o
__mulsf3_pse                                      /usr/lib/gcc/avr/4.9.0/../../../../avr/lib/avr5/libm.a(mulsf3x.o)
__mulsf3x                                         /usr/lib/gcc/avr/4.9.0/../../../../avr/lib/avr5/libm.a(mulsf3x.o)
                                                  /usr/lib/gcc/avr/4.9.0/../../../../avr/lib/avr5/libm.a(mulsf3.o)
__muluhisi3                                       /usr/lib/gcc/avr/4.9.0/avr5/libgcc.a(_muluhisi3.o)
                                                  ./main.o
                                                  ./Buzzer.o
__negsi2                                          /usr/lib/gcc/avr/4.9.0/avr5/libgcc.a(_negsi2.o)
                                                  /usr/lib/gcc/avr/4.9.0/avr5/libgcc.a(_divmodsi4.o)
__nesf2                                           /usr/lib/gcc/avr/4.9.0/../../../../avr/lib/avr5/libm.a(cmpsf2.o)
__stack                                           /usr/lib/gcc/avr/4.9.0/../../../../avr/lib/avr5/crtm16a.o
__udivmodsi4                                      /usr/lib/gcc/avr/4.9.0/avr5/libgcc.a(_udivmodsi4.o)
                                                  /usr/lib/gcc/avr/4.9.0/avr5/libgcc.a(_divmodsi4.o)
                                                  ./main.o
                                                  ./Buzzer.o
__umulhisi3                                       /usr/lib/gcc/avr/4.9.0/avr5/libgcc.a(_umulhisi3.o)
                                                  /usr/lib/gcc/avr/4.9.0/avr5/libgcc.a(_muluhisi3.o)
__vector_1                                        /usr/lib/gcc/avr/4.9.0/../../../../avr/lib/avr5/crtm16a.o
__vector_10                                       /usr/lib/gcc/avr/4.9.0/../../../../avr/lib/avr5/crtm16a.o
__vector_11                                       /usr/lib/gcc/avr/4.9.0/../../../../avr/lib/avr5/crtm16a.o
__vector_12                                       /usr/lib/gcc/avr/4.9.0/../../../../avr/lib/avr5/crtm16a.o
__vector_13                                       /usr/lib/gcc/avr/4.9.0/../../../../avr/lib/avr5/crtm16a.o
__vector_14                                       /usr/lib/gcc/avr/4.9.0/../../../../avr/lib/avr5/crtm16a.o
__vector_15                                       /usr/lib/gcc/avr/4.9.0/../../../../avr/lib/avr5/crtm16a.o
__vector_16                                       /usr/lib/gcc/avr/4.9.0/../../../../avr/lib/avr5/crtm16a.o
__vector_17                                       /usr/lib/gcc/avr/4.9.0/../../../../avr/lib/avr5/crtm16a.o
__vector_18                                       /usr/lib/gcc/avr/4.9.0/../../../../avr/lib/avr5/crtm16a.o
__vector_19                                       /usr/lib/gcc/avr/4.9.0/../../../../avr/lib/avr5/crtm16a.o
__vector_2                                        /usr/lib/gcc/avr/4.9.0/../../../../avr/lib/avr5/crtm16a.o
__vector_20                                       /usr/lib/gcc/avr/4.9.0/../../../../avr/lib/avr5/crtm16a.o
__vector_3                                        /usr/lib/gcc/avr/4.9.0/../../../../avr/lib/avr5/crtm16a.o
__vector_4                                        /usr/lib/gcc/avr/4.9.0/../../../../avr/lib/avr5/crtm16a.o
__vector_5                                        /usr/lib/gcc/avr/4.9.0/../../../../avr/lib/avr5/crtm16a.o
__vector_6                                        /usr/lib/gcc/avr/4.9.0/../../../../avr/lib/avr5/crtm16a.o
__vector_7                                        /usr/lib/gcc/avr/4.9.0/../../../../avr/lib/avr5/crtm16a.o
__vector_8                                        /usr/lib/gcc/avr/4.9.0/../../../../avr/lib/avr5/crtm16a.o
__vector_9                                        /usr/lib/gcc/avr/4.9.0/../../../../avr/lib/avr5/crtm16a.o
__vector_default                                  /usr/lib/gcc/avr/4.9.0/../../../../avr/lib/avr5/crtm16a.o
__vectors                                         /usr/lib/gcc/avr/4.9.0/../../../../avr/lib/avr5/crtm16a.o
_exit                                             /usr/lib/gcc/avr/4.9.0/avr5/libgcc.a(_exit.o)
exit                                              /usr/lib/gcc/avr/4.9.0/avr5/libgcc.a(_exit.o)
                                                  /usr/lib/gcc/avr/4.9.0/../../../../avr/lib/avr5/crtm16a.o
hd44780_inbyte                                    ./LCD/hd44780/hd44780.o
hd44780_inbyte(unsigned char)                     ./LCD/LCD.o
hd44780_init                                      ./LCD/hd44780/hd44780.o
                                                  ./LCD/hd44780/lcd.o
hd44780_init()                                    ./LCD/LCD.o
hd44780_outbyte                                   ./LCD/hd44780/hd44780.o
                                                  ./LCD/hd44780/lcd.o
hd44780_outbyte(unsigned char, unsigned char)     ./LCD/LCD.o
hd44780_powerdown                                 ./LCD/hd44780/hd44780.o
hd44780_powerdown()                               ./LCD/LCD.o
hd44780_wait_ready                                ./LCD/hd44780/hd44780.o
                                                  ./LCD/hd44780/lcd.o
hd44780_wait_ready(bool)                          ./LCD/LCD.o
lcd_init                                          ./LCD/hd44780/lcd.o
lcd_putchar                                       ./LCD/hd44780/lcd.o
main                                              ./main.o
                                                  /usr/lib/gcc/avr/4.9.0/../../../../avr/lib/avr5/crtm16a.o
