Archive member included because of file (symbol)

/usr/lib/gcc/avr/4.9.0/avr5/libgcc.a(_umulhisi3.o)
                              ./leddisplay.o (__umulhisi3)
/usr/lib/gcc/avr/4.9.0/avr5/libgcc.a(_exit.o)
                              /usr/lib/gcc/avr/4.9.0/../../../../avr/lib/avr5/crtm16a.o (exit)
/usr/lib/gcc/avr/4.9.0/avr5/libgcc.a(_copy_data.o)
                              ./leddisplay.o (__do_copy_data)
/usr/lib/gcc/avr/4.9.0/avr5/libgcc.a(_clear_bss.o)
                              ./leddisplay.o (__do_clear_bss)
/usr/lib/gcc/avr/4.9.0/../../../../avr/lib/avr5/libm.a(cmpsf2.o)
                              ./leddisplay.o (__ltsf2)
/usr/lib/gcc/avr/4.9.0/../../../../avr/lib/avr5/libm.a(divsf3.o)
                              ./leddisplay.o (__divsf3)
/usr/lib/gcc/avr/4.9.0/../../../../avr/lib/avr5/libm.a(divsf3x.o)
                              /usr/lib/gcc/avr/4.9.0/../../../../avr/lib/avr5/libm.a(divsf3.o) (__divsf3x)
/usr/lib/gcc/avr/4.9.0/../../../../avr/lib/avr5/libm.a(fixunssfsi.o)
                              ./leddisplay.o (__fixunssfsi)
/usr/lib/gcc/avr/4.9.0/../../../../avr/lib/avr5/libm.a(fp_cmp.o)
                              /usr/lib/gcc/avr/4.9.0/../../../../avr/lib/avr5/libm.a(cmpsf2.o) (__fp_cmp)
/usr/lib/gcc/avr/4.9.0/../../../../avr/lib/avr5/libm.a(fp_inf.o)
                              /usr/lib/gcc/avr/4.9.0/../../../../avr/lib/avr5/libm.a(divsf3x.o) (__fp_inf)
/usr/lib/gcc/avr/4.9.0/../../../../avr/lib/avr5/libm.a(fp_nan.o)
                              /usr/lib/gcc/avr/4.9.0/../../../../avr/lib/avr5/libm.a(divsf3x.o) (__fp_nan)
/usr/lib/gcc/avr/4.9.0/../../../../avr/lib/avr5/libm.a(fp_pscA.o)
                              /usr/lib/gcc/avr/4.9.0/../../../../avr/lib/avr5/libm.a(divsf3x.o) (__fp_pscA)
/usr/lib/gcc/avr/4.9.0/../../../../avr/lib/avr5/libm.a(fp_pscB.o)
                              /usr/lib/gcc/avr/4.9.0/../../../../avr/lib/avr5/libm.a(divsf3x.o) (__fp_pscB)
/usr/lib/gcc/avr/4.9.0/../../../../avr/lib/avr5/libm.a(fp_round.o)
                              /usr/lib/gcc/avr/4.9.0/../../../../avr/lib/avr5/libm.a(divsf3.o) (__fp_round)
/usr/lib/gcc/avr/4.9.0/../../../../avr/lib/avr5/libm.a(fp_split3.o)
                              /usr/lib/gcc/avr/4.9.0/../../../../avr/lib/avr5/libm.a(divsf3x.o) (__fp_split3)
/usr/lib/gcc/avr/4.9.0/../../../../avr/lib/avr5/libm.a(fp_zero.o)
                              /usr/lib/gcc/avr/4.9.0/../../../../avr/lib/avr5/libm.a(fixunssfsi.o) (__fp_zero)
/usr/lib/gcc/avr/4.9.0/../../../../avr/lib/avr5/libm.a(gesf2.o)
                              ./leddisplay.o (__gtsf2)
/usr/lib/gcc/avr/4.9.0/../../../../avr/lib/avr5/libm.a(mulsf3.o)
                              ./leddisplay.o (__mulsf3)
/usr/lib/gcc/avr/4.9.0/../../../../avr/lib/avr5/libm.a(mulsf3x.o)
                              /usr/lib/gcc/avr/4.9.0/../../../../avr/lib/avr5/libm.a(mulsf3.o) (__mulsf3x)

Allocating common symbols
Common symbol       size              file

display             0x8               ./leddisplay.o

Memory Configuration

Name             Origin             Length             Attributes
text             0x0000000000000000 0x0000000000020000 xr
data             0x0000000000800060 0x000000000000ffa0 rw !x
eeprom           0x0000000000810000 0x0000000000010000 rw !x
fuse             0x0000000000820000 0x0000000000000400 rw !x
lock             0x0000000000830000 0x0000000000000400 rw !x
signature        0x0000000000840000 0x0000000000000400 rw !x
*default*        0x0000000000000000 0xffffffffffffffff

Linker script and memory map

LOAD /usr/lib/gcc/avr/4.9.0/../../../../avr/lib/avr5/crtm16a.o
LOAD ./leddisplay.o
LOAD ./main.o
START GROUP
LOAD /usr/lib/gcc/avr/4.9.0/avr5/libgcc.a
LOAD /usr/lib/gcc/avr/4.9.0/../../../../avr/lib/avr5/libm.a
LOAD /usr/lib/gcc/avr/4.9.0/../../../../avr/lib/avr5/libc.a
END GROUP

.hash
 *(.hash)

.dynsym
 *(.dynsym)

.dynstr
 *(.dynstr)

.gnu.version
 *(.gnu.version)

.gnu.version_d
 *(.gnu.version_d)

.gnu.version_r
 *(.gnu.version_r)

.rel.init
 *(.rel.init)

.rela.init
 *(.rela.init)

.rel.text
 *(.rel.text)
 *(.rel.text.*)
 *(.rel.gnu.linkonce.t*)

.rela.text
 *(.rela.text)
 *(.rela.text.*)
 *(.rela.gnu.linkonce.t*)

.rel.fini
 *(.rel.fini)

.rela.fini
 *(.rela.fini)

.rel.rodata
 *(.rel.rodata)
 *(.rel.rodata.*)
 *(.rel.gnu.linkonce.r*)

.rela.rodata
 *(.rela.rodata)
 *(.rela.rodata.*)
 *(.rela.gnu.linkonce.r*)

.rel.data
 *(.rel.data)
 *(.rel.data.*)
 *(.rel.gnu.linkonce.d*)

.rela.data
 *(.rela.data)
 *(.rela.data.*)
 *(.rela.gnu.linkonce.d*)

.rel.ctors
 *(.rel.ctors)

.rela.ctors
 *(.rela.ctors)

.rel.dtors
 *(.rel.dtors)

.rela.dtors
 *(.rela.dtors)

.rel.got
 *(.rel.got)

.rela.got
 *(.rela.got)

.rel.bss
 *(.rel.bss)

.rela.bss
 *(.rela.bss)

.rel.plt
 *(.rel.plt)

.rela.plt
 *(.rela.plt)

.text           0x0000000000000000      0x96a
 *(.vectors)
 .vectors       0x0000000000000000       0x54 /usr/lib/gcc/avr/4.9.0/../../../../avr/lib/avr5/crtm16a.o
                0x0000000000000000                __vectors
                0x0000000000000000                __vector_default
 *(.vectors)
 *(.progmem.gcc*)
                0x0000000000000054                . = ALIGN (0x2)
                0x0000000000000054                __trampolines_start = .
 *(.trampolines)
 .trampolines   0x0000000000000054        0x0 linker stubs
 *(.trampolines*)
                0x0000000000000054                __trampolines_end = .
 *(.progmem*)
                0x0000000000000054                . = ALIGN (0x2)
 *(.jumptables)
 *(.jumptables*)
 *(.lowtext)
 *(.lowtext*)
                0x0000000000000054                __ctors_start = .
 *(.ctors)
                0x0000000000000054                __ctors_end = .
                0x0000000000000054                __dtors_start = .
 *(.dtors)
                0x0000000000000054                __dtors_end = .
 SORT(*)(.ctors)
 SORT(*)(.dtors)
 *(.init0)
 .init0         0x0000000000000054        0x0 /usr/lib/gcc/avr/4.9.0/../../../../avr/lib/avr5/crtm16a.o
                0x0000000000000054                __init
 *(.init0)
 *(.init1)
 *(.init1)
 *(.init2)
 .init2         0x0000000000000054        0xc /usr/lib/gcc/avr/4.9.0/../../../../avr/lib/avr5/crtm16a.o
 *(.init2)
 *(.init3)
 *(.init3)
 *(.init4)
 .init4         0x0000000000000060       0x16 /usr/lib/gcc/avr/4.9.0/avr5/libgcc.a(_copy_data.o)
                0x0000000000000060                __do_copy_data
 .init4         0x0000000000000076       0x10 /usr/lib/gcc/avr/4.9.0/avr5/libgcc.a(_clear_bss.o)
                0x0000000000000076                __do_clear_bss
 *(.init4)
 *(.init5)
 *(.init5)
 *(.init6)
 *(.init6)
 *(.init7)
 *(.init7)
 *(.init8)
 *(.init8)
 *(.init9)
 .init9         0x0000000000000086        0x8 /usr/lib/gcc/avr/4.9.0/../../../../avr/lib/avr5/crtm16a.o
 *(.init9)
 *(.text)
 .text          0x000000000000008e        0x4 /usr/lib/gcc/avr/4.9.0/../../../../avr/lib/avr5/crtm16a.o
                0x000000000000008e                __vector_1
                0x000000000000008e                __vector_12
                0x000000000000008e                __bad_interrupt
                0x000000000000008e                __vector_6
                0x000000000000008e                __vector_3
                0x000000000000008e                __vector_11
                0x000000000000008e                __vector_13
                0x000000000000008e                __vector_17
                0x000000000000008e                __vector_19
                0x000000000000008e                __vector_7
                0x000000000000008e                __vector_5
                0x000000000000008e                __vector_4
                0x000000000000008e                __vector_9
                0x000000000000008e                __vector_2
                0x000000000000008e                __vector_15
                0x000000000000008e                __vector_8
                0x000000000000008e                __vector_14
                0x000000000000008e                __vector_10
                0x000000000000008e                __vector_16
                0x000000000000008e                __vector_18
                0x000000000000008e                __vector_20
 .text          0x0000000000000092        0x0 ./leddisplay.o
 .text          0x0000000000000092        0x0 ./main.o
 .text          0x0000000000000092        0x0 /usr/lib/gcc/avr/4.9.0/avr5/libgcc.a(_umulhisi3.o)
 .text          0x0000000000000092        0x0 /usr/lib/gcc/avr/4.9.0/avr5/libgcc.a(_exit.o)
 .text          0x0000000000000092        0x0 /usr/lib/gcc/avr/4.9.0/avr5/libgcc.a(_copy_data.o)
 .text          0x0000000000000092        0x0 /usr/lib/gcc/avr/4.9.0/avr5/libgcc.a(_clear_bss.o)
 .text          0x0000000000000092        0x0 /usr/lib/gcc/avr/4.9.0/../../../../avr/lib/avr5/libm.a(cmpsf2.o)
 .text          0x0000000000000092        0x0 /usr/lib/gcc/avr/4.9.0/../../../../avr/lib/avr5/libm.a(divsf3.o)
 .text          0x0000000000000092        0x0 /usr/lib/gcc/avr/4.9.0/../../../../avr/lib/avr5/libm.a(divsf3x.o)
 .text          0x0000000000000092        0x0 /usr/lib/gcc/avr/4.9.0/../../../../avr/lib/avr5/libm.a(fixunssfsi.o)
 .text          0x0000000000000092        0x0 /usr/lib/gcc/avr/4.9.0/../../../../avr/lib/avr5/libm.a(fp_cmp.o)
 .text          0x0000000000000092        0x0 /usr/lib/gcc/avr/4.9.0/../../../../avr/lib/avr5/libm.a(fp_inf.o)
 .text          0x0000000000000092        0x0 /usr/lib/gcc/avr/4.9.0/../../../../avr/lib/avr5/libm.a(fp_nan.o)
 .text          0x0000000000000092        0x0 /usr/lib/gcc/avr/4.9.0/../../../../avr/lib/avr5/libm.a(fp_pscA.o)
 .text          0x0000000000000092        0x0 /usr/lib/gcc/avr/4.9.0/../../../../avr/lib/avr5/libm.a(fp_pscB.o)
 .text          0x0000000000000092        0x0 /usr/lib/gcc/avr/4.9.0/../../../../avr/lib/avr5/libm.a(fp_round.o)
 .text          0x0000000000000092        0x0 /usr/lib/gcc/avr/4.9.0/../../../../avr/lib/avr5/libm.a(fp_split3.o)
 .text          0x0000000000000092        0x0 /usr/lib/gcc/avr/4.9.0/../../../../avr/lib/avr5/libm.a(fp_zero.o)
 .text          0x0000000000000092        0x0 /usr/lib/gcc/avr/4.9.0/../../../../avr/lib/avr5/libm.a(gesf2.o)
 .text          0x0000000000000092        0x0 /usr/lib/gcc/avr/4.9.0/../../../../avr/lib/avr5/libm.a(mulsf3.o)
 .text          0x0000000000000092        0x0 /usr/lib/gcc/avr/4.9.0/../../../../avr/lib/avr5/libm.a(mulsf3x.o)
                0x0000000000000092                . = ALIGN (0x2)
 *(.text.*)
 .text.LEDInit  0x0000000000000092       0x44 ./leddisplay.o
                0x0000000000000092                LEDInit
 .text.LEDTest  0x00000000000000d6       0x1e ./leddisplay.o
                0x00000000000000d6                LEDTest
 .text.LEDshowOnDisplay
                0x00000000000000f4      0x20e ./leddisplay.o
                0x00000000000000f4                LEDshowOnDisplay
 .text._LEDsetValueOnSegment
                0x0000000000000302       0x36 ./leddisplay.o
 .text._LEDsetErrorMessage
                0x0000000000000338       0x52 ./leddisplay.o
 .text._LEDupdateSegments
                0x000000000000038a      0x292 ./leddisplay.o
 .text.main     0x000000000000061c       0x44 ./main.o
                0x000000000000061c                main
 .text.libgcc.mul
                0x0000000000000660       0x1e /usr/lib/gcc/avr/4.9.0/avr5/libgcc.a(_umulhisi3.o)
                0x0000000000000660                __umulhisi3
 .text.libgcc.div
                0x000000000000067e        0x0 /usr/lib/gcc/avr/4.9.0/avr5/libgcc.a(_umulhisi3.o)
 .text.libgcc   0x000000000000067e        0x0 /usr/lib/gcc/avr/4.9.0/avr5/libgcc.a(_umulhisi3.o)
 .text.libgcc.prologue
                0x000000000000067e        0x0 /usr/lib/gcc/avr/4.9.0/avr5/libgcc.a(_umulhisi3.o)
 .text.libgcc.builtins
                0x000000000000067e        0x0 /usr/lib/gcc/avr/4.9.0/avr5/libgcc.a(_umulhisi3.o)
 .text.libgcc.fmul
                0x000000000000067e        0x0 /usr/lib/gcc/avr/4.9.0/avr5/libgcc.a(_umulhisi3.o)
 .text.libgcc.fixed
                0x000000000000067e        0x0 /usr/lib/gcc/avr/4.9.0/avr5/libgcc.a(_umulhisi3.o)
 .text.libgcc.mul
                0x000000000000067e        0x0 /usr/lib/gcc/avr/4.9.0/avr5/libgcc.a(_exit.o)
 .text.libgcc.div
                0x000000000000067e        0x0 /usr/lib/gcc/avr/4.9.0/avr5/libgcc.a(_exit.o)
 .text.libgcc   0x000000000000067e        0x0 /usr/lib/gcc/avr/4.9.0/avr5/libgcc.a(_exit.o)
 .text.libgcc.prologue
                0x000000000000067e        0x0 /usr/lib/gcc/avr/4.9.0/avr5/libgcc.a(_exit.o)
 .text.libgcc.builtins
                0x000000000000067e        0x0 /usr/lib/gcc/avr/4.9.0/avr5/libgcc.a(_exit.o)
 .text.libgcc.fmul
                0x000000000000067e        0x0 /usr/lib/gcc/avr/4.9.0/avr5/libgcc.a(_exit.o)
 .text.libgcc.fixed
                0x000000000000067e        0x0 /usr/lib/gcc/avr/4.9.0/avr5/libgcc.a(_exit.o)
 .text.libgcc.mul
                0x000000000000067e        0x0 /usr/lib/gcc/avr/4.9.0/avr5/libgcc.a(_copy_data.o)
 .text.libgcc.div
                0x000000000000067e        0x0 /usr/lib/gcc/avr/4.9.0/avr5/libgcc.a(_copy_data.o)
 .text.libgcc   0x000000000000067e        0x0 /usr/lib/gcc/avr/4.9.0/avr5/libgcc.a(_copy_data.o)
 .text.libgcc.prologue
                0x000000000000067e        0x0 /usr/lib/gcc/avr/4.9.0/avr5/libgcc.a(_copy_data.o)
 .text.libgcc.builtins
                0x000000000000067e        0x0 /usr/lib/gcc/avr/4.9.0/avr5/libgcc.a(_copy_data.o)
 .text.libgcc.fmul
                0x000000000000067e        0x0 /usr/lib/gcc/avr/4.9.0/avr5/libgcc.a(_copy_data.o)
 .text.libgcc.fixed
                0x000000000000067e        0x0 /usr/lib/gcc/avr/4.9.0/avr5/libgcc.a(_copy_data.o)
 .text.libgcc.mul
                0x000000000000067e        0x0 /usr/lib/gcc/avr/4.9.0/avr5/libgcc.a(_clear_bss.o)
 .text.libgcc.div
                0x000000000000067e        0x0 /usr/lib/gcc/avr/4.9.0/avr5/libgcc.a(_clear_bss.o)
 .text.libgcc   0x000000000000067e        0x0 /usr/lib/gcc/avr/4.9.0/avr5/libgcc.a(_clear_bss.o)
 .text.libgcc.prologue
                0x000000000000067e        0x0 /usr/lib/gcc/avr/4.9.0/avr5/libgcc.a(_clear_bss.o)
 .text.libgcc.builtins
                0x000000000000067e        0x0 /usr/lib/gcc/avr/4.9.0/avr5/libgcc.a(_clear_bss.o)
 .text.libgcc.fmul
                0x000000000000067e        0x0 /usr/lib/gcc/avr/4.9.0/avr5/libgcc.a(_clear_bss.o)
 .text.libgcc.fixed
                0x000000000000067e        0x0 /usr/lib/gcc/avr/4.9.0/avr5/libgcc.a(_clear_bss.o)
 .text.avr-libc.fplib
                0x000000000000067e        0x8 /usr/lib/gcc/avr/4.9.0/../../../../avr/lib/avr5/libm.a(cmpsf2.o)
                0x000000000000067e                __lesf2
                0x000000000000067e                __nesf2
                0x000000000000067e                __eqsf2
                0x000000000000067e                __cmpsf2
                0x000000000000067e                __ltsf2
 .text.avr-libc.fplib
                0x0000000000000686        0x4 /usr/lib/gcc/avr/4.9.0/../../../../avr/lib/avr5/libm.a(divsf3.o)
                0x0000000000000686                __divsf3
 .text.avr-libc.fplib
                0x000000000000068a       0xcc /usr/lib/gcc/avr/4.9.0/../../../../avr/lib/avr5/libm.a(divsf3x.o)
                0x00000000000006a0                __divsf3x
                0x00000000000006a4                __divsf3_pse
 .text.avr-libc.fplib
                0x0000000000000756       0x58 /usr/lib/gcc/avr/4.9.0/../../../../avr/lib/avr5/libm.a(fixunssfsi.o)
                0x0000000000000756                __fixunssfsi
 .text.avr-libc.fplib
                0x00000000000007ae       0x48 /usr/lib/gcc/avr/4.9.0/../../../../avr/lib/avr5/libm.a(fp_cmp.o)
                0x00000000000007ae                __fp_cmp
 .text.avr-libc.fplib
                0x00000000000007f6        0xc /usr/lib/gcc/avr/4.9.0/../../../../avr/lib/avr5/libm.a(fp_inf.o)
                0x00000000000007f6                __fp_inf
 .text.avr-libc.fplib
                0x0000000000000802        0x6 /usr/lib/gcc/avr/4.9.0/../../../../avr/lib/avr5/libm.a(fp_nan.o)
                0x0000000000000802                __fp_nan
 .text.avr-libc.fplib
                0x0000000000000808        0xe /usr/lib/gcc/avr/4.9.0/../../../../avr/lib/avr5/libm.a(fp_pscA.o)
                0x0000000000000808                __fp_pscA
 .text.avr-libc.fplib
                0x0000000000000816        0xe /usr/lib/gcc/avr/4.9.0/../../../../avr/lib/avr5/libm.a(fp_pscB.o)
                0x0000000000000816                __fp_pscB
 .text.avr-libc.fplib
                0x0000000000000824       0x22 /usr/lib/gcc/avr/4.9.0/../../../../avr/lib/avr5/libm.a(fp_round.o)
                0x0000000000000824                __fp_round
 .text.avr-libc.fplib
                0x0000000000000846       0x44 /usr/lib/gcc/avr/4.9.0/../../../../avr/lib/avr5/libm.a(fp_split3.o)
                0x0000000000000846                __fp_split3
                0x0000000000000856                __fp_splitA
 .text.avr-libc.fplib
                0x000000000000088a        0xe /usr/lib/gcc/avr/4.9.0/../../../../avr/lib/avr5/libm.a(fp_zero.o)
                0x000000000000088a                __fp_zero
                0x000000000000088c                __fp_szero
 .text.avr-libc.fplib
                0x0000000000000898        0x8 /usr/lib/gcc/avr/4.9.0/../../../../avr/lib/avr5/libm.a(gesf2.o)
                0x0000000000000898                __gtsf2
                0x0000000000000898                __gesf2
 .text.avr-libc.fplib
                0x00000000000008a0        0x4 /usr/lib/gcc/avr/4.9.0/../../../../avr/lib/avr5/libm.a(mulsf3.o)
                0x00000000000008a0                __mulsf3
 .text.avr-libc.fplib
                0x00000000000008a4       0xc2 /usr/lib/gcc/avr/4.9.0/../../../../avr/lib/avr5/libm.a(mulsf3x.o)
                0x00000000000008b8                __mulsf3x
                0x00000000000008bc                __mulsf3_pse
                0x0000000000000966                . = ALIGN (0x2)
 *(.fini9)
 .fini9         0x0000000000000966        0x0 /usr/lib/gcc/avr/4.9.0/avr5/libgcc.a(_exit.o)
                0x0000000000000966                exit
                0x0000000000000966                _exit
 *(.fini9)
 *(.fini8)
 *(.fini8)
 *(.fini7)
 *(.fini7)
 *(.fini6)
 *(.fini6)
 *(.fini5)
 *(.fini5)
 *(.fini4)
 *(.fini4)
 *(.fini3)
 *(.fini3)
 *(.fini2)
 *(.fini2)
 *(.fini1)
 *(.fini1)
 *(.fini0)
 .fini0         0x0000000000000966        0x4 /usr/lib/gcc/avr/4.9.0/avr5/libgcc.a(_exit.o)
 *(.fini0)
                0x000000000000096a                _etext = .

.data           0x0000000000800060       0x14 load address 0x000000000000096a
                0x0000000000800060                PROVIDE (__data_start, .)
 *(.data)
 .data          0x0000000000800060        0x0 /usr/lib/gcc/avr/4.9.0/../../../../avr/lib/avr5/crtm16a.o
 .data          0x0000000000800060        0x0 ./leddisplay.o
 .data          0x0000000000800060        0x0 ./main.o
 .data          0x0000000000800060        0x0 /usr/lib/gcc/avr/4.9.0/avr5/libgcc.a(_umulhisi3.o)
 .data          0x0000000000800060        0x0 /usr/lib/gcc/avr/4.9.0/avr5/libgcc.a(_exit.o)
 .data          0x0000000000800060        0x0 /usr/lib/gcc/avr/4.9.0/avr5/libgcc.a(_copy_data.o)
 .data          0x0000000000800060        0x0 /usr/lib/gcc/avr/4.9.0/avr5/libgcc.a(_clear_bss.o)
 .data          0x0000000000800060        0x0 /usr/lib/gcc/avr/4.9.0/../../../../avr/lib/avr5/libm.a(cmpsf2.o)
 .data          0x0000000000800060        0x0 /usr/lib/gcc/avr/4.9.0/../../../../avr/lib/avr5/libm.a(divsf3.o)
 .data          0x0000000000800060        0x0 /usr/lib/gcc/avr/4.9.0/../../../../avr/lib/avr5/libm.a(divsf3x.o)
 .data          0x0000000000800060        0x0 /usr/lib/gcc/avr/4.9.0/../../../../avr/lib/avr5/libm.a(fixunssfsi.o)
 .data          0x0000000000800060        0x0 /usr/lib/gcc/avr/4.9.0/../../../../avr/lib/avr5/libm.a(fp_cmp.o)
 .data          0x0000000000800060        0x0 /usr/lib/gcc/avr/4.9.0/../../../../avr/lib/avr5/libm.a(fp_inf.o)
 .data          0x0000000000800060        0x0 /usr/lib/gcc/avr/4.9.0/../../../../avr/lib/avr5/libm.a(fp_nan.o)
 .data          0x0000000000800060        0x0 /usr/lib/gcc/avr/4.9.0/../../../../avr/lib/avr5/libm.a(fp_pscA.o)
 .data          0x0000000000800060        0x0 /usr/lib/gcc/avr/4.9.0/../../../../avr/lib/avr5/libm.a(fp_pscB.o)
 .data          0x0000000000800060        0x0 /usr/lib/gcc/avr/4.9.0/../../../../avr/lib/avr5/libm.a(fp_round.o)
 .data          0x0000000000800060        0x0 /usr/lib/gcc/avr/4.9.0/../../../../avr/lib/avr5/libm.a(fp_split3.o)
 .data          0x0000000000800060        0x0 /usr/lib/gcc/avr/4.9.0/../../../../avr/lib/avr5/libm.a(fp_zero.o)
 .data          0x0000000000800060        0x0 /usr/lib/gcc/avr/4.9.0/../../../../avr/lib/avr5/libm.a(gesf2.o)
 .data          0x0000000000800060        0x0 /usr/lib/gcc/avr/4.9.0/../../../../avr/lib/avr5/libm.a(mulsf3.o)
 .data          0x0000000000800060        0x0 /usr/lib/gcc/avr/4.9.0/../../../../avr/lib/avr5/libm.a(mulsf3x.o)
 *(.data*)
 *(.rodata)
 *(.rodata*)
 .rodata.DIGITS
                0x0000000000800060        0xa ./leddisplay.o
 .rodata.DIGITS
                0x000000000080006a        0xa ./main.o
 *(.gnu.linkonce.d*)
                0x0000000000800074                . = ALIGN (0x2)
                0x0000000000800074                _edata = .
                0x0000000000800074                PROVIDE (__data_end, .)

.bss            0x0000000000800074       0x10
                0x0000000000800074                PROVIDE (__bss_start, .)
 *(.bss)
 .bss           0x0000000000800074        0x0 /usr/lib/gcc/avr/4.9.0/../../../../avr/lib/avr5/crtm16a.o
 .bss           0x0000000000800074        0x0 ./leddisplay.o
 .bss           0x0000000000800074        0x0 ./main.o
 .bss           0x0000000000800074        0x0 /usr/lib/gcc/avr/4.9.0/avr5/libgcc.a(_umulhisi3.o)
 .bss           0x0000000000800074        0x0 /usr/lib/gcc/avr/4.9.0/avr5/libgcc.a(_exit.o)
 .bss           0x0000000000800074        0x0 /usr/lib/gcc/avr/4.9.0/avr5/libgcc.a(_copy_data.o)
 .bss           0x0000000000800074        0x0 /usr/lib/gcc/avr/4.9.0/avr5/libgcc.a(_clear_bss.o)
 .bss           0x0000000000800074        0x0 /usr/lib/gcc/avr/4.9.0/../../../../avr/lib/avr5/libm.a(cmpsf2.o)
 .bss           0x0000000000800074        0x0 /usr/lib/gcc/avr/4.9.0/../../../../avr/lib/avr5/libm.a(divsf3.o)
 .bss           0x0000000000800074        0x0 /usr/lib/gcc/avr/4.9.0/../../../../avr/lib/avr5/libm.a(divsf3x.o)
 .bss           0x0000000000800074        0x0 /usr/lib/gcc/avr/4.9.0/../../../../avr/lib/avr5/libm.a(fixunssfsi.o)
 .bss           0x0000000000800074        0x0 /usr/lib/gcc/avr/4.9.0/../../../../avr/lib/avr5/libm.a(fp_cmp.o)
 .bss           0x0000000000800074        0x0 /usr/lib/gcc/avr/4.9.0/../../../../avr/lib/avr5/libm.a(fp_inf.o)
 .bss           0x0000000000800074        0x0 /usr/lib/gcc/avr/4.9.0/../../../../avr/lib/avr5/libm.a(fp_nan.o)
 .bss           0x0000000000800074        0x0 /usr/lib/gcc/avr/4.9.0/../../../../avr/lib/avr5/libm.a(fp_pscA.o)
 .bss           0x0000000000800074        0x0 /usr/lib/gcc/avr/4.9.0/../../../../avr/lib/avr5/libm.a(fp_pscB.o)
 .bss           0x0000000000800074        0x0 /usr/lib/gcc/avr/4.9.0/../../../../avr/lib/avr5/libm.a(fp_round.o)
 .bss           0x0000000000800074        0x0 /usr/lib/gcc/avr/4.9.0/../../../../avr/lib/avr5/libm.a(fp_split3.o)
 .bss           0x0000000000800074        0x0 /usr/lib/gcc/avr/4.9.0/../../../../avr/lib/avr5/libm.a(fp_zero.o)
 .bss           0x0000000000800074        0x0 /usr/lib/gcc/avr/4.9.0/../../../../avr/lib/avr5/libm.a(gesf2.o)
 .bss           0x0000000000800074        0x0 /usr/lib/gcc/avr/4.9.0/../../../../avr/lib/avr5/libm.a(mulsf3.o)
 .bss           0x0000000000800074        0x0 /usr/lib/gcc/avr/4.9.0/../../../../avr/lib/avr5/libm.a(mulsf3x.o)
 *(.bss*)
 .bss._segments
                0x0000000000800074        0x4 ./leddisplay.o
 .bss._segments
                0x0000000000800078        0x4 ./main.o
 *(COMMON)
 COMMON         0x000000000080007c        0x8 ./leddisplay.o
                0x000000000080007c                display
                0x0000000000800084                PROVIDE (__bss_end, .)
                0x000000000000096a                __data_load_start = LOADADDR (.data)
                0x000000000000097e                __data_load_end = (__data_load_start + SIZEOF (.data))

.noinit         0x0000000000800084        0x0
                0x0000000000800084                PROVIDE (__noinit_start, .)
 *(.noinit*)
                0x0000000000800084                PROVIDE (__noinit_end, .)
                0x0000000000800084                _end = .
                0x0000000000800084                PROVIDE (__heap_start, .)

.eeprom         0x0000000000810000        0x0
 *(.eeprom*)
                0x0000000000810000                __eeprom_end = .

.fuse
 *(.fuse)
 *(.lfuse)
 *(.hfuse)
 *(.efuse)

.lock
 *(.lock*)

.signature
 *(.signature*)

.stab           0x0000000000000000     0x29c4
 *(.stab)
 .stab          0x0000000000000000      0x6cc /usr/lib/gcc/avr/4.9.0/../../../../avr/lib/avr5/crtm16a.o
 .stab          0x00000000000006cc      0xabc ./leddisplay.o
                                        0xac8 (size before relaxing)
 .stab          0x0000000000001188      0x378 ./main.o
                                        0x564 (size before relaxing)
 .stab          0x0000000000001500       0x90 /usr/lib/gcc/avr/4.9.0/../../../../avr/lib/avr5/libm.a(cmpsf2.o)
                                         0x9c (size before relaxing)
 .stab          0x0000000000001590       0x48 /usr/lib/gcc/avr/4.9.0/../../../../avr/lib/avr5/libm.a(divsf3.o)
                                         0x54 (size before relaxing)
 .stab          0x00000000000015d8      0x510 /usr/lib/gcc/avr/4.9.0/../../../../avr/lib/avr5/libm.a(divsf3x.o)
                                        0x51c (size before relaxing)
 .stab          0x0000000000001ae8      0x240 /usr/lib/gcc/avr/4.9.0/../../../../avr/lib/avr5/libm.a(fixunssfsi.o)
                                        0x24c (size before relaxing)
 .stab          0x0000000000001d28      0x1e0 /usr/lib/gcc/avr/4.9.0/../../../../avr/lib/avr5/libm.a(fp_cmp.o)
                                        0x1ec (size before relaxing)
 .stab          0x0000000000001f08       0x78 /usr/lib/gcc/avr/4.9.0/../../../../avr/lib/avr5/libm.a(fp_inf.o)
                                         0x84 (size before relaxing)
 .stab          0x0000000000001f80       0x54 /usr/lib/gcc/avr/4.9.0/../../../../avr/lib/avr5/libm.a(fp_nan.o)
                                         0x60 (size before relaxing)
 .stab          0x0000000000001fd4       0x84 /usr/lib/gcc/avr/4.9.0/../../../../avr/lib/avr5/libm.a(fp_pscA.o)
                                         0x90 (size before relaxing)
 .stab          0x0000000000002058       0x84 /usr/lib/gcc/avr/4.9.0/../../../../avr/lib/avr5/libm.a(fp_pscB.o)
                                         0x90 (size before relaxing)
 .stab          0x00000000000020dc       0xfc /usr/lib/gcc/avr/4.9.0/../../../../avr/lib/avr5/libm.a(fp_round.o)
                                        0x108 (size before relaxing)
 .stab          0x00000000000021d8      0x1d4 /usr/lib/gcc/avr/4.9.0/../../../../avr/lib/avr5/libm.a(fp_split3.o)
                                        0x1e0 (size before relaxing)
 .stab          0x00000000000023ac       0x90 /usr/lib/gcc/avr/4.9.0/../../../../avr/lib/avr5/libm.a(fp_zero.o)
                                         0x9c (size before relaxing)
 .stab          0x000000000000243c       0x6c /usr/lib/gcc/avr/4.9.0/../../../../avr/lib/avr5/libm.a(gesf2.o)
                                         0x78 (size before relaxing)
 .stab          0x00000000000024a8       0x48 /usr/lib/gcc/avr/4.9.0/../../../../avr/lib/avr5/libm.a(mulsf3.o)
                                         0x54 (size before relaxing)
 .stab          0x00000000000024f0      0x4d4 /usr/lib/gcc/avr/4.9.0/../../../../avr/lib/avr5/libm.a(mulsf3x.o)
                                        0x4e0 (size before relaxing)

.stabstr        0x0000000000000000     0x10af
 *(.stabstr)
 .stabstr       0x0000000000000000     0x10af /usr/lib/gcc/avr/4.9.0/../../../../avr/lib/avr5/crtm16a.o

.stab.excl
 *(.stab.excl)

.stab.exclstr
 *(.stab.exclstr)

.stab.index
 *(.stab.index)

.stab.indexstr
 *(.stab.indexstr)

.comment        0x0000000000000000       0x11
 *(.comment)
 .comment       0x0000000000000000       0x11 ./leddisplay.o
                                         0x12 (size before relaxing)
 .comment       0x0000000000000000       0x12 ./main.o

.note.gnu.build-id
 *(.note.gnu.build-id)

.debug
 *(.debug)

.line
 *(.line)

.debug_srcinfo
 *(.debug_srcinfo)

.debug_sfnames
 *(.debug_sfnames)

.debug_aranges
 *(.debug_aranges)

.debug_pubnames
 *(.debug_pubnames)

.debug_info
 *(.debug_info .gnu.linkonce.wi.*)

.debug_abbrev
 *(.debug_abbrev)

.debug_line
 *(.debug_line .debug_line.* .debug_line_end)

.debug_frame
 *(.debug_frame)

.debug_str
 *(.debug_str)

.debug_loc
 *(.debug_loc)

.debug_macinfo
 *(.debug_macinfo)

.debug_weaknames
 *(.debug_weaknames)

.debug_funcnames
 *(.debug_funcnames)

.debug_typenames
 *(.debug_typenames)

.debug_varnames
 *(.debug_varnames)

.debug_pubtypes
 *(.debug_pubtypes)

.debug_ranges
 *(.debug_ranges)

.debug_macro
 *(.debug_macro)
OUTPUT(LED_DISPLAY_CONTROL.elf elf32-avr)
LOAD linker stubs
